// Jest Snapshot v1, https://goo.gl/fbAQLP

exports[`Footer component renders name to footer 1`] = `
<footer>
  Olli Nieminen
</footer>
`;
