// Jest Snapshot v1, https://goo.gl/fbAQLP

exports[`Good component returns html 1`] = `
<h1>
  Good Component!
</h1>
`;
