// Jest Snapshot v1, https://goo.gl/fbAQLP

exports[`Photo component renders photo 1`] = `
<img
  src="test.url.com"
/>
`;
